[debug] [2026-02-12T05:14:03.850Z] : 
[debug] [2026-02-12T05:14:03.851Z] : ----------------------------------------------------------------------
[debug] [2026-02-12T05:14:03.852Z] : Command:      D:\vinit\Softwares\NodeJs\node.exe C:\Users\vinit\AppData\Roaming\npm\node_modules\zcatalyst-cli\lib\bin\catalyst.js serve
[debug] [2026-02-12T05:14:03.852Z] : CLI Version:  1.23.0
[debug] [2026-02-12T05:14:03.852Z] : Platform:     win32
[debug] [2026-02-12T05:14:03.852Z] : Node Version: v24.13.0
[debug] [2026-02-12T05:14:03.852Z] : Time:         Thu Feb 12 2026 10:44:03 GMT+0530 (India Standard Time)
[debug] [2026-02-12T05:14:03.852Z] : ----------------------------------------------------------------------
[debug] [2026-02-12T05:14:03.852Z] : 
[debug] [2026-02-12T05:14:04.847Z] : > authorizing via signed-in user option
[debug] [2026-02-12T05:14:04.847Z] : > command requires scopes: ["ZohoCatalyst.projects.ALL","ZohoCatalyst.apigateway.apis.READ","ZohoCatalyst.apigateway.READ","ZohoCatalyst.segments.ALL","ZohoCatalyst.cache.READ","ZohoCatalyst.cache.CREATE","ZohoCatalyst.cache.DELETE","ZohoCatalyst.projects.ALL","ZohoCatalyst.cron.ALL","ZohoCatalyst.zcql.CREATE","ZohoCatalyst.projects.users.READ","ZohoCatalyst.projects.users.CREATE","ZohoCatalyst.projects.users.DELETE","ZohoCatalyst.projects.users.UPDATE","ZohoCatalyst.authentication.CREATE","ZohoCatalyst.email.CREATE","ZohoCatalyst.tables.ALL","ZohoCatalyst.tables.rows.ALL","ZohoCatalyst.tables.columns.ALL","ZohoCatalyst.tables.bulk.CREATE","ZohoCatalyst.tables.bulk.READ","ZohoCatalyst.folders.ALL","ZohoCatalyst.files.CREATE","ZohoCatalyst.files.READ","ZohoCatalyst.files.DELETE","ZohoCatalyst.functions.ALL","ZohoCatalyst.functions.EXECUTE","ZohoCatalyst.eventlistners.ALL","ZohoCatalyst.eventlisteners.produce","ZohoCatalyst.security.rules.Read","ZohoCatalyst.security.rules.Update","ZohoCatalyst.notifications.mobile","ZohoCatalyst.notifications.web","ZohoCatalyst.search.READ","ZohoCatalyst.mlkit.READ","QuickML.deployment.READ","ZohoCatalyst.pdfshot.execute","ZohoCatalyst.circuits.execution.DELETE","ZohoCatalyst.circuits.execution.READ","ZohoCatalyst.circuits.execute","ZohoCatalyst.appsail.Read","ZohoCatalyst.jobpool.READ","ZohoCatalyst.job.ALL","ZohoCatalyst.nosql.READ","ZohoCatalyst.nosql.rows.ALL"]
[debug] [2026-02-12T05:14:04.865Z] : >>>> HTTP REQUEST : GET https://api.catalyst.zoho.in/baas/v1/project/29215000000014001 

[debug] [2026-02-12T05:14:05.015Z] : <<<< HTTP RESPONSE : 200
Response Headers: {"server":"ZGS","date":"Thu, 12 Feb 2026 05:14:05 GMT","content-type":"application/vnd.catalyst.v2+json","transfer-encoding":"chunked","connection":"keep-alive","x-content-type-options":"nosniff","cache-control":"private,no-cache,no-store,max-age=0,must-revalidate","pragma":"no-cache","expires":"Thu, 01 Jan 1970 00:00:00 GMT","x-frame-options":"DENY","strict-transport-security":"max-age=64072000; includeSubDomains; preload"}

[debug] [2026-02-12T05:14:05.021Z] : >>>> HTTP REQUEST : GET https://api.catalyst.zoho.in/baas/v1/project/29215000000014001/environment 

[debug] [2026-02-12T05:14:05.073Z] : <<<< HTTP RESPONSE : 200
Response Headers: {"server":"ZGS","date":"Thu, 12 Feb 2026 05:14:05 GMT","content-type":"application/vnd.catalyst.v2+json","transfer-encoding":"chunked","connection":"keep-alive","x-content-type-options":"nosniff","cache-control":"private,no-cache,no-store,max-age=0,must-revalidate","pragma":"no-cache","expires":"Thu, 01 Jan 1970 00:00:00 GMT","x-frame-options":"DENY","strict-transport-security":"max-age=64072000; includeSubDomains; preload"}

[debug] [2026-02-12T05:14:05.207Z] : http port : '3000' is not available. Hence port '3001' will be used instead.
[debug] [2026-02-12T05:14:05.211Z] : No basic functions to add
[info] [2026-02-12T05:14:05.249Z] : Skipping API Gateway rules
[info] [2026-02-12T05:14:05.357Z] : 
[info] [2026-02-12T05:14:05.358Z] :  >>>>>>>>>>>>>> AppSail <<<<<<<<<<<<<< 
[info] [2026-02-12T05:14:05.358Z] : i CrosswordSailApp: http://localhost:3001
[info] [2026-02-12T05:14:05.358Z] : 
[info] [2026-02-12T05:14:52.827Z] : [1770873292826]  Appsail[CrosswordSailApp]  "GET"  "/"
[info] [2026-02-12T05:14:52.895Z] : [1770873292894]  Appsail[CrosswordSailApp]  "GET"  "/assets/index-908a9fcb.js"
[info] [2026-02-12T05:14:53.088Z] : [1770873293088]  Appsail[CrosswordSailApp]  "GET"  "/assets/index-d526a0c5.css"
[info] [2026-02-12T05:14:53.423Z] : [1770873293422]  Appsail[CrosswordSailApp]  "GET"  "/vite.svg"
[info] [2026-02-12T05:14:53.426Z] : [1770873293426]  Appsail[CrosswordSailApp]  "GET"  "/assets/react-35ef61ed.svg"
[info] [2026-02-12T05:14:53.689Z] : [1770873293688]  Appsail[CrosswordSailApp]  "GET"  "/vite.svg"
[info] [2026-02-12T05:14:58.048Z] : [1770873298048]  Appsail[CrosswordSailApp]  "GET"  "/assets/index-d526a0c5.css"
[info] [2026-02-12T05:14:58.355Z] : [1770873298354]  Appsail[CrosswordSailApp]  "GET"  "/.well-known/appspecific/com.chrome.devtools.json"
